[2026-04-03 20:20:07, Fri] [ERROR] [/home/csc/sambashare/webserver/reactor.cpp:199] recv error on fd 224778, errno: 0
[2026-04-03 20:20:07, Fri] [ERROR] [/home/csc/sambashare/webserver/reactor.cpp:199] recv error on fd 411264, errno: 0
[2026-04-03 20:20:07, Fri] [ERROR] [/home/csc/sambashare/webserver/reactor.cpp:199] recv error on fd 90525, errno: 0
[2026-04-03 20:20:07, Fri] [ERROR] [/home/csc/sambashare/webserver/reactor.cpp:199] recv error on fd 125000, errno: 0
[2026-04-03 20:20:07, Fri] [ERROR] [/home/csc/sambashare/webserver/reactor.cpp:199] recv error on fd 236066, errno: 0
[2026-04-03 20:20:07, Fri] [ERROR] [/home/csc/sambashare/webserver/reactor.cpp:199] recv error on fd 89553, errno: 0
[2026-04-03 20:20:07, Fri] [ERROR] [/home/csc/sambashare/webserver/reactor.cpp:199] recv error on fd 459523, errno: 0
[2026-04-03 20:20:07, Fri] [ERROR] [/home/csc/sambashare/webserver/reactor.cpp:199] recv error on fd 411434, errno: 0
[2026-04-03 20:20:07, Fri] [ERROR] [/home/csc/sambashare/webserver/reactor.cpp:199] recv error on fd 240608, errno: 0
[2026-04-03 20:20:07, Fri] [ERROR] [/home/csc/sambashare/webserver/reactor.cpp:199] recv error on fd 218650, errno: 0
[2026-04-03 20:20:07, Fri] [ERROR] [/home/csc/sambashare/webserver/reactor.cpp:199] recv error on fd 228452, errno: 0
[2026-04-03 20:20:07, Fri] [ERROR] [/home/csc/sambashare/webserver/reactor.cpp:199] recv error on fd 461807, errno: 0
[2026-04-03 20:20:07, Fri] [ERROR] [/home/csc/sambashare/webserver/reactor.cpp:199] recv error on fd 459840, errno: 0
[2026-04-03 20:20:07, Fri] [ERROR] [/home/csc/sambashare/webserver/reactor.cpp:199] recv error on fd 464493, errno: 0
[2026-04-03 20:20:07, Fri] [ERROR] [/home/csc/sambashare/webserver/reactor.cpp:199] recv error on fd 461572, errno: 0
[2026-04-03 20:20:07, Fri] [ERROR] [/home/csc/sambashare/webserver/reactor.cpp:199] recv error on fd 309411, errno: 0
[2026-04-03 20:20:07, Fri] [ERROR] [/home/csc/sambashare/webserver/reactor.cpp:199] recv error on fd 231455, errno: 0
[2026-04-03 20:20:07, Fri] [ERROR] [/home/csc/sambashare/webserver/reactor.cpp:199] recv error on fd 454788, errno: 0
[2026-04-03 20:20:07, Fri] [ERROR] [/home/csc/sambashare/webserver/reactor.cpp:199] recv error on fd 328091, errno: 0
[2026-04-03 20:20:07, Fri] [ERROR] [/home/csc/sambashare/webserver/reactor.cpp:199] recv error on fd 481430, errno: 0
[2026-04-03 20:20:07, Fri] [ERROR] [/home/csc/sambashare/webserver/reactor.cpp:199] recv error on fd 226560, errno: 0
[2026-04-03 20:20:07, Fri] [ERROR] [/home/csc/sambashare/webserver/reactor.cpp:199] recv error on fd 460521, errno: 0
[2026-04-03 20:20:07, Fri] [ERROR] [/home/csc/sambashare/webserver/reactor.cpp:199] recv error on fd 482487, errno: 0
[2026-04-03 20:20:07, Fri] [ERROR] [/home/csc/sambashare/webserver/reactor.cpp:199] recv error on fd 305846, errno: 0
[2026-04-03 20:20:07, Fri] [ERROR] [/home/csc/sambashare/webserver/reactor.cpp:199] recv error on fd 464726, errno: 0
[2026-04-03 20:20:07, Fri] [ERROR] [/home/csc/sambashare/webserver/reactor.cpp:199] recv error on fd 458709, errno: 0
[2026-04-03 20:20:07, Fri] [ERROR] [/home/csc/sambashare/webserver/reactor.cpp:199] recv error on fd 355865, errno: 0
[2026-04-03 20:20:07, Fri] [ERROR] [/home/csc/sambashare/webserver/reactor.cpp:199] recv error on fd 83947, errno: 0
[2026-04-03 20:20:07, Fri] [ERROR] [/home/csc/sambashare/webserver/reactor.cpp:199] recv error on fd 331127, errno: 0
[2026-04-03 20:20:07, Fri] [ERROR] [/home/csc/sambashare/webserver/reactor.cpp:199] recv error on fd 228079, errno: 0
